// Jest Snapshot v1, https://goo.gl/fbAQLP

exports[`The AsuCarousel renders the component 1`] = `
<div
  class="carousel slide"
>
  <ol
    class="carousel-indicators"
  >
    <li
      class="active"
    />
  </ol>
  <div
    class="carousel-inner"
  >
    <div
      class="carousel-item active"
    >
      <div
        class="jumbotron jumbotron-fluid"
        style="padding: 0px;"
      >
        <div
          style="position: relative;"
        >
          <img
            class="w-100 d-block"
          />
          <div
            class="container-fluid"
            style="position: absolute; top: 0px;"
          >
            <h2
              class="heroTitle"
            >
              test
            </h2>
            <p
              class="heroP"
            />
            
          </div>
        </div>
      </div>
    </div>
  </div>
  <a
    class="carousel-control-prev"
    role="button"
    style="cursor: pointer;"
    tabindex="0"
  >
    <span
      aria-hidden="true"
      class="carousel-control-prev-icon"
    />
    <span
      class="sr-only"
    >
      Previous
    </span>
  </a>
  <a
    class="carousel-control-next"
    role="button"
    style="cursor: pointer;"
    tabindex="0"
  >
    <span
      aria-hidden="true"
      class="carousel-control-next-icon"
    />
    <span
      class="sr-only"
    >
      Next
    </span>
  </a>
</div>
`;
