// Jest Snapshot v1, https://goo.gl/fbAQLP

exports[`The Example renders the component 1`] = `undefined`;
