// Jest Snapshot v1, https://goo.gl/fbAQLP

exports[`The AsuHeroImage renders the component 1`] = `
<div
  class="jumbotron jumbotron-fluid"
  style="padding: 0px;"
>
  <div
    style="position: relative;"
  >
    <img
      class="w-100 d-block"
    />
    <div
      class="container-fluid"
      style="position: absolute; top: 0px;"
    >
      <h2
        class="heroTitle"
      >
        ASU Home
      </h2>
      <p
        class="heroP"
      />
      
    </div>
  </div>
</div>
`;
