// Jest Snapshot v1, https://goo.gl/fbAQLP

exports[`The AsuDropdownMenu renders the component 1`] = `
<div
  class="asuNavItemTop"
  role="navigation"
  title="ASU Home"
>
  <span>
    ASU Home
  </span>
  <span
    class="icoSortDown"
  />
  <ul
    class="subMenu subSlideOut"
  >
    <li
      class="asuNavItem"
    >
      <a
        href="https://asu.edu"
        tabindex="0"
      >
        Item 0
      </a>
    </li>
    <li
      class="asuNavItem"
    >
      <a
        href="https://asu.edu"
        tabindex="0"
      >
        Item 1
      </a>
    </li>
    <li
      class="asuNavItem"
    >
      <a
        href="https://asu.edu"
        tabindex="0"
      >
        Item 2
      </a>
    </li>
    <li
      class="asuNavItem"
    >
      <a
        href="https://asu.edu"
        tabindex="0"
      >
        Item 3
      </a>
    </li>
    <li
      class="asuNavItem"
    >
      <a
        href="https://asu.edu"
        tabindex="0"
      >
        Item 4
      </a>
    </li>
    <li
      class="asuNavItem"
    >
      <a
        href="https://asu.edu"
        tabindex="0"
      >
        Item 5
      </a>
    </li>
    <li
      class="asuNavItem"
    >
      <a
        href="https://asu.edu"
        tabindex="0"
      >
        Item 6
      </a>
    </li>
    <li
      class="asuNavItem"
    >
      <a
        href="https://asu.edu"
        tabindex="0"
      >
        Item 7
      </a>
    </li>
    <li
      class="asuNavItem"
    >
      <a
        href="https://asu.edu"
        tabindex="0"
      >
        Item 8
      </a>
    </li>
    <li
      class="asuNavItem"
    >
      <a
        href="https://asu.edu"
        tabindex="0"
      >
        Item 9
      </a>
    </li>
  </ul>
</div>
`;
